ohcamerasaremacho
olsonisinoslo
onacloverifaliveeruptsavastpureevilafirevolcano
oozyratinasanitaryzoo
oprahdeifiedharpo
ottomadenedamotto
ottoseesotto
