..".."...""...."..?  ,,,,,,  , d       hf s     kydnnsw,lkppteuIIr,h,,,,,,;ssrn,,r,,,e,,,,,,,,,tg"oy,dnsutnloyennnnnteloteenndssedItl,,,,,enteeeIuItsdsrroemded,snnoetssee,ossteIdegotkddtdrrtsrrpgereengleyeerrerdeuolraysereeaeeeohhlslnysnlhnseornlmtnosnye,t-deletpktltnd,sdwwwdtdstorhhnddee,easeddtrrreeeddslteeesoer,e,ddodoeettnn,ptttgndetkywndyeereIsl,edtdddt"""eeddose"tsnhdddtadeeedods,tnpddgadgeeeodphtfontdnnoy,ohtnoywtenmoot,odeddteddennnddndsndm,dgggttltse,yt,elrletyoeeeutmsaedsttgdsmddn,dt,uIuuutuntyreeheyslfrfflgpthereurnft,g.?...,,,,,.  .      ".    tdgdeerkwryteespdewpdthltnlsernstlukehrusshepmegthfgspsgtutl yrenrgtkdnekudsrlnngngygnrn"   " "   ""  " "" "." ""   """       tfbbeeh    p  sssssrv tgggggWwoooTtb bfbb bbbfe ccl rcmcr gc           e                h   ppvs  c hecedeewwwwwwh ww h ww wlcrc hehshehhhh lwwwwwhcddddee hfs ldwllll     s               a        ,             c  oinnareniiiiu taaiy e      s   d    eennnnnnnnnnanaieennnlenlliennanenniielnneneeinennneiennlnennieneel  s   nii    llllllllnuu l lui       n nelrmhmlhhslcHhhlshhhrhhhhhhdhlhhhlemnehhhlhrhvvcmbndhthhBnhbhhhhmlcmhhhhhhhhhmnshbhhtlmrvsnmchhrmdwppr bbrbbvkwipkrtlnvcthrhtrsrsslwddwwbbchsdwwwwfbhhwwskvddddddhldhevdthehphwmhmeeeeeeddthhhththttvhdhhttttwhwwvtvomyhhycrrgrolirhr  tnrrhhjj bioiiifl    -o     s  k m    a        aiiooonnnnonnnonnoiooonnnaaaaaeniiuuiuuuu un         r   nnnnonncgcctttcttOttsAc     WwttttwW tstt tS ttTtttttt ttTtStttsttttsstsstttttss  ssT  wwwwww   t   stttsttwwww cw ctsttt   t ttw  sswtsttgggggggg tohhhhpddaaaaassdru    ttbhalahhwwwtwwwsahltw      aaaaarphhhhmdrrrehrkkkkkkr      ansnhhh hh hhmmmwnnwhl ss r        aa  rwwwww  lllllpgle  ocncnaalacoar  e   llllollllilllllllllllull pp ppppouuuiuoooooooolootitttttblsl ee      r aeaaiiiAiaaiiaeaiaaeaeaoaeoi Ccc    elleerreeiudlgoaoiaoruo  gaeeai aoiomooomi  oo a   ieouaeeeeaawweeoeaioiaeuaIoeeeieooieoaeoweiiwieiaiwioeiAuaaaaaaaaaaaaaaaaaaaaaaaaauaaaaoauaaoooooeeiiiiiiiiiiiiuiiiiiiiaaoaai      d aaeaueeiiiiiiiatgsntsgtstttsddttsttttttthrrr dd   rrrrrrrrrvooo ggggggg h rftrrhscrrrccio   ii  yh et ttlcspnofffffmbffffvhfftlhnnnnngn llbyyyyYyyyyyyyyyylllhccwcrryfyyyyyyyyyy  mlNhHlllddrrduuueueeluueeumm rlpde s   r  a       eeeuueeeeooaeuueouuuoeeeeooeeeeeeeet  goeaeocg oeetoootphhocpbbabdeoauaaacccfffffffff ffpppg ccuueooo eciallataggiggaaasaiaaeiuaiiaaaiairealgeelees      d iogooii   tiais       iia i      a          -saieeeeeei a a   nn lasioouioaaaaouuiuhuhoeauaiununuiiauoauAiiissouuraiiaheisiiiii nseianhrsahfhaaaahhaiiriiiu   l   n   d                    o oo  yyy        uus ttttst    n   n n nnntsse s-siiiiiiioetiooooooooooooooomoooaoaaaa qfoooofhrsoo oo     c oooooooooohbpbobobbBBbBboaaa ioaiieeee  aaeoeoooo            e d  amo    e  ee  ss         ,    g      s    n  ooooo almlmlnmtbbraabratMe e           s        f    aaa
