.dsoomsor.ee.n...cd....e,dtwhdddns,endtt,dsc,sndtegsnstte8tssndsldafc,lhndaeeesgeft,,snrsnns,de,dttdny42lekseeyennnnenneeretmedteederdetdehsf,fgeeesAr"8,s0s24fhedrte,ds)eststseesefsynseseredgros,ynrpssoderleeeaaeet,yseeldeadlf,rrneggorsfone,fesheteddtd,efeeaffreetsesfyn,ofofo,ndn,nffhdys3pdsrgnte,eerdsyetstmsea, ye tsdntsdstysssstkslyedetssrpedeHg)sysdnsdsnlhye08 1   8$ y  e      .  ...    .    kk r l   fEer fmzlntsrpdtrrmltrmetmhcgi ehemc   l         ,l- m mppc he lf bwhhlllvebhepthllpm h hvtcmmrvcmlterpelwdu n   "  oaaa m e   iii   iiaaiO auatioaoo      y  - yc    yha  earrruueeieeeenreneeeennnninnnnenlnennneennnlnnn oufh nnrn  e nnrl n-knnn lennnnhhhzhhvnhptnhhhhnstvttptrhhclgzpgnhdhhhhhhhhbhehhnhhrsrvvhthhhnttncthrrrcsn nwljssltmttinkilppt rrttrbhffrhbneehi dppppppprgtmrdrgerlkezzzztv p b pmmnmbdhw ddhetvvdvtpphhpptthhttvcdplkrilsghvstgidnlgggRreerlmdrl    nooooolooooooooooor  o     s-e a    eoo nannnnnn adranagrriiuuuiienay   annigcgctgt tsss  ttgsTtttttttttttttTTtttttTttTttttttsttttwwtcct sstttgg tdtttll htarrftnbhsrzoooooommvbmmallxlaa     aaw llllllmlsddtdtsdaag  lltlttttpppppppppu    e  dam  pns  ltrssrssoaccssaoaaccciiieeiii lp eu   AA  uroetgllbiidpeaepccceeeeeeelll iaoiiiao  llepteeirepouore  ser iiiirepeea    r    nea roouoooea oioioeeieeIooeeaeriwiioierioaaauuaaaaaaaaaaaaaauaauuuiueeeauuaiaiiiiOiii eiiaioiiiooiiuiioaUr e oiooooowiieoooeueuieioeeaaattstttntttrrrrT                       ssrohrfrrccccc iiiip mllpiiiilyccccrr  rt(bj   cmfwfnphnst prrcmmrcmrrrcrrrrmmcumr rsbb  lddrrrrrouudmm   iiyamiiiiiiiexoo (o      e  s mm piusamua  n poe eooeeeeoeeoeoaaeeed crr eeAaaaooeoatbtdfger t aot uaaaua p oaeeoeoeuep   ptffcdpccfhhhgggge pffffeeaeuaooeeaoaeoaottcotlinrdtaiiksinieeuismedndeenieeubepset'tentneengntttnmgiri   sse-  r ty u ons  aai   n e eeoaoaeeooeoo    ue  nnueo   dasssihnicsesIanupsIaarIsnecfrrnrssSeioaauaaaaiaeassafaeet saar    n            f  d           Or    ucccrrsacccicrtn     n     sxsnsssrhisnnsiai re smrrroooqcoipfoooor thloot   ssbtooobodooo ieiiooeooeia oh  s y oo oeeblagbballaerlllnkkntlngiioooo 
